// Jest Snapshot v1, https://goo.gl/fbAQLP

exports[`ProgressBar renders correctly 1`] = `
<div
  aria-valuemax={100}
  aria-valuemin={0}
  aria-valuenow={0}
  className="css-1swweuh"
  role="progressbar"
>
  <span
    className="css-d42j4p"
    style={
      Object {
        "width": "0%",
      }
    }
  />
</div>
`;
