// Jest Snapshot v1, https://goo.gl/fbAQLP

exports[`renders correctly 1`] = `
<label
  className="css-4su3ie"
>
  <input
    aria-label="test"
    checked={false}
    className="css-11c0hjf"
    onChange={[Function]}
    type="checkbox"
  />
  <div
    className="css-isrnkd"
  />
   
  test
</label>
`;
